<?xml version="1.0"?>
<link_info>
   <banner>TI ARM Linker PC v5.2.2</banner>
   <copyright>Copyright (c) 1996-2015 Texas Instruments Incorporated</copyright>
   <link_time>0x57153b0f</link_time>
   <link_errors>0x0</link_errors>
   <output_file>Worker_1.out</output_file>
   <entry_point>
      <name>_c_int00</name>
      <address>0x2f29</address>
   </entry_point>
   <input_file_list>
      <input_file id="fl-2">
         <path>.\</path>
         <kind>object</kind>
         <file>main.obj</file>
         <name>main.obj</name>
      </input_file>
      <input_file id="fl-3">
         <path>.\</path>
         <kind>object</kind>
         <file>tm4c123gh6pge_startup_ccs.obj</file>
         <name>tm4c123gh6pge_startup_ccs.obj</name>
      </input_file>
      <input_file id="fl-4">
         <path>.\utils\</path>
         <kind>object</kind>
         <file>uartstdio.obj</file>
         <name>uartstdio.obj</name>
      </input_file>
      <input_file id="fl-12b">
         <path>C:\tiv6\ccsv6\tools\compiler\ti-cgt-arm_5.2.2\lib\</path>
         <kind>archive</kind>
         <file>rtsv7M4_T_le_v4SPD16_eabi.lib</file>
         <name>boot.obj</name>
      </input_file>
      <input_file id="fl-12c">
         <path>C:\tiv6\ccsv6\tools\compiler\ti-cgt-arm_5.2.2\lib\</path>
         <kind>archive</kind>
         <file>rtsv7M4_T_le_v4SPD16_eabi.lib</file>
         <name>copy_decompress_none.obj</name>
      </input_file>
      <input_file id="fl-12d">
         <path>C:\tiv6\ccsv6\tools\compiler\ti-cgt-arm_5.2.2\lib\</path>
         <kind>archive</kind>
         <file>rtsv7M4_T_le_v4SPD16_eabi.lib</file>
         <name>copy_decompress_rle.obj</name>
      </input_file>
      <input_file id="fl-12e">
         <path>C:\tiv6\ccsv6\tools\compiler\ti-cgt-arm_5.2.2\lib\</path>
         <kind>archive</kind>
         <file>rtsv7M4_T_le_v4SPD16_eabi.lib</file>
         <name>copy_zero_init.obj</name>
      </input_file>
      <input_file id="fl-12f">
         <path>C:\tiv6\ccsv6\tools\compiler\ti-cgt-arm_5.2.2\lib\</path>
         <kind>archive</kind>
         <file>rtsv7M4_T_le_v4SPD16_eabi.lib</file>
         <name>exit.obj</name>
      </input_file>
      <input_file id="fl-130">
         <path>C:\tiv6\ccsv6\tools\compiler\ti-cgt-arm_5.2.2\lib\</path>
         <kind>archive</kind>
         <file>rtsv7M4_T_le_v4SPD16_eabi.lib</file>
         <name>fd_mul_t2.obj</name>
      </input_file>
      <input_file id="fl-131">
         <path>C:\tiv6\ccsv6\tools\compiler\ti-cgt-arm_5.2.2\lib\</path>
         <kind>archive</kind>
         <file>rtsv7M4_T_le_v4SPD16_eabi.lib</file>
         <name>fd_tou_t2.obj</name>
      </input_file>
      <input_file id="fl-132">
         <path>C:\tiv6\ccsv6\tools\compiler\ti-cgt-arm_5.2.2\lib\</path>
         <kind>archive</kind>
         <file>rtsv7M4_T_le_v4SPD16_eabi.lib</file>
         <name>memcpy_t2.obj</name>
      </input_file>
      <input_file id="fl-133">
         <path>C:\tiv6\ccsv6\tools\compiler\ti-cgt-arm_5.2.2\lib\</path>
         <kind>archive</kind>
         <file>rtsv7M4_T_le_v4SPD16_eabi.lib</file>
         <name>memset_t2.obj</name>
      </input_file>
      <input_file id="fl-134">
         <path>C:\tiv6\ccsv6\tools\compiler\ti-cgt-arm_5.2.2\lib\</path>
         <kind>archive</kind>
         <file>rtsv7M4_T_le_v4SPD16_eabi.lib</file>
         <name>pre_init.obj</name>
      </input_file>
      <input_file id="fl-135">
         <path>C:\tiv6\ccsv6\tools\compiler\ti-cgt-arm_5.2.2\lib\</path>
         <kind>archive</kind>
         <file>rtsv7M4_T_le_v4SPD16_eabi.lib</file>
         <name>stkdepth_vars.obj</name>
      </input_file>
      <input_file id="fl-136">
         <path>C:\tiv6\ccsv6\tools\compiler\ti-cgt-arm_5.2.2\lib\</path>
         <kind>archive</kind>
         <file>rtsv7M4_T_le_v4SPD16_eabi.lib</file>
         <name>u_divt2.obj</name>
      </input_file>
      <input_file id="fl-137">
         <path>C:\tiv6\ccsv6\tools\compiler\ti-cgt-arm_5.2.2\lib\</path>
         <kind>archive</kind>
         <file>rtsv7M4_T_le_v4SPD16_eabi.lib</file>
         <name>u_tofd_t2.obj</name>
      </input_file>
      <input_file id="fl-138">
         <path>C:\tiv6\ccsv6\tools\compiler\ti-cgt-arm_5.2.2\lib\</path>
         <kind>archive</kind>
         <file>rtsv7M4_T_le_v4SPD16_eabi.lib</file>
         <name>_lock.obj</name>
      </input_file>
      <input_file id="fl-139">
         <path>C:\tiv6\ccsv6\tools\compiler\ti-cgt-arm_5.2.2\lib\</path>
         <kind>archive</kind>
         <file>rtsv7M4_T_le_v4SPD16_eabi.lib</file>
         <name>args_main.obj</name>
      </input_file>
      <input_file id="fl-13a">
         <path>C:\tiv6\ccsv6\tools\compiler\ti-cgt-arm_5.2.2\lib\</path>
         <kind>archive</kind>
         <file>rtsv7M4_T_le_v4SPD16_eabi.lib</file>
         <name>autoinit.obj</name>
      </input_file>
      <input_file id="fl-13b">
         <path>C:\tiv6\ccsv6\tools\compiler\ti-cgt-arm_5.2.2\lib\</path>
         <kind>archive</kind>
         <file>rtsv7M4_T_le_v4SPD16_eabi.lib</file>
         <name>cpy_tbl.obj</name>
      </input_file>
      <input_file id="fl-13c">
         <path>C:\ti\TivaWare_C_Series-2.1.1.71\driverlib\ccs\Debug\</path>
         <kind>archive</kind>
         <file>driverlib.lib</file>
         <name>adc.obj</name>
      </input_file>
      <input_file id="fl-13d">
         <path>C:\ti\TivaWare_C_Series-2.1.1.71\driverlib\ccs\Debug\</path>
         <kind>archive</kind>
         <file>driverlib.lib</file>
         <name>flash.obj</name>
      </input_file>
      <input_file id="fl-13e">
         <path>C:\ti\TivaWare_C_Series-2.1.1.71\driverlib\ccs\Debug\</path>
         <kind>archive</kind>
         <file>driverlib.lib</file>
         <name>gpio.obj</name>
      </input_file>
      <input_file id="fl-13f">
         <path>C:\ti\TivaWare_C_Series-2.1.1.71\driverlib\ccs\Debug\</path>
         <kind>archive</kind>
         <file>driverlib.lib</file>
         <name>i2c.obj</name>
      </input_file>
      <input_file id="fl-140">
         <path>C:\ti\TivaWare_C_Series-2.1.1.71\driverlib\ccs\Debug\</path>
         <kind>archive</kind>
         <file>driverlib.lib</file>
         <name>interrupt.obj</name>
      </input_file>
      <input_file id="fl-141">
         <path>C:\ti\TivaWare_C_Series-2.1.1.71\driverlib\ccs\Debug\</path>
         <kind>archive</kind>
         <file>driverlib.lib</file>
         <name>ssi.obj</name>
      </input_file>
      <input_file id="fl-142">
         <path>C:\ti\TivaWare_C_Series-2.1.1.71\driverlib\ccs\Debug\</path>
         <kind>archive</kind>
         <file>driverlib.lib</file>
         <name>sysctl.obj</name>
      </input_file>
      <input_file id="fl-143">
         <path>C:\ti\TivaWare_C_Series-2.1.1.71\driverlib\ccs\Debug\</path>
         <kind>archive</kind>
         <file>driverlib.lib</file>
         <name>systick.obj</name>
      </input_file>
      <input_file id="fl-144">
         <path>C:\ti\TivaWare_C_Series-2.1.1.71\driverlib\ccs\Debug\</path>
         <kind>archive</kind>
         <file>driverlib.lib</file>
         <name>timer.obj</name>
      </input_file>
      <input_file id="fl-145">
         <path>C:\ti\TivaWare_C_Series-2.1.1.71\driverlib\ccs\Debug\</path>
         <kind>archive</kind>
         <file>driverlib.lib</file>
         <name>uart.obj</name>
      </input_file>
      <input_file id="fl-146">
         <path>C:\ti\TivaWare_C_Series-2.1.1.71\driverlib\ccs\Debug\</path>
         <kind>archive</kind>
         <file>driverlib.lib</file>
         <name>udma.obj</name>
      </input_file>
      <input_file id="fl-147">
         <path>C:\ti\TivaWare_C_Series-2.1.1.71\driverlib\ccs\Debug\</path>
         <kind>archive</kind>
         <file>driverlib.lib</file>
         <name>watchdog.obj</name>
      </input_file>
      <input_file id="fl-148">
         <path>C:\ti\TivaWare_C_Series-2.1.1.71\driverlib\ccs\Debug\</path>
         <kind>archive</kind>
         <file>driverlib.lib</file>
         <name>cpu.obj</name>
      </input_file>
   </input_file_list>
   <object_component_list>
      <object_component id="oc-f">
         <name>.intvecs</name>
         <load_address>0x0</load_address>
         <run_address>0x0</run_address>
         <size>0x26c</size>
         <input_file_ref idref="fl-3"/>
      </object_component>
      <object_component id="oc-204">
         <name>.text:HK_Data_Acquire</name>
         <load_address>0x26c</load_address>
         <run_address>0x26c</run_address>
         <size>0x3cc</size>
         <input_file_ref idref="fl-2"/>
      </object_component>
      <object_component id="oc-42">
         <name>.text:Bulk_INT</name>
         <load_address>0x638</load_address>
         <run_address>0x638</run_address>
         <size>0x3b0</size>
         <input_file_ref idref="fl-2"/>
      </object_component>
      <object_component id="oc-14e">
         <name>.text:I2C_Decode_TC</name>
         <load_address>0x9e8</load_address>
         <run_address>0x9e8</run_address>
         <size>0x2a0</size>
         <input_file_ref idref="fl-2"/>
      </object_component>
      <object_component id="oc-1a8">
         <name>.text:UARTvprintf</name>
         <load_address>0xc88</load_address>
         <run_address>0xc88</run_address>
         <size>0x1ea</size>
         <input_file_ref idref="fl-4"/>
      </object_component>
      <object_component id="oc-30">
         <name>.text:NmiSR</name>
         <load_address>0xe72</load_address>
         <run_address>0xe72</run_address>
         <size>0x2</size>
         <input_file_ref idref="fl-3"/>
      </object_component>
      <object_component id="oc-20a">
         <name>.text:I2C_Encode_Telemetry</name>
         <load_address>0xe74</load_address>
         <run_address>0xe74</run_address>
         <size>0x1d8</size>
         <input_file_ref idref="fl-2"/>
      </object_component>
      <object_component id="oc-66">
         <name>.text:dE_dX_INT</name>
         <load_address>0x104c</load_address>
         <run_address>0x104c</run_address>
         <size>0x1c8</size>
         <input_file_ref idref="fl-2"/>
      </object_component>
      <object_component id="oc-54">
         <name>.text:SCI_Timer_INT_Handler</name>
         <load_address>0x1214</load_address>
         <run_address>0x1214</run_address>
         <size>0x198</size>
         <input_file_ref idref="fl-2"/>
      </object_component>
      <object_component id="oc-195">
         <name>.text:main</name>
         <load_address>0x13ac</load_address>
         <run_address>0x13ac</run_address>
         <size>0x184</size>
         <input_file_ref idref="fl-2"/>
      </object_component>
      <object_component id="oc-359">
         <name>.text:GPIOConfigure</name>
         <load_address>0x1530</load_address>
         <run_address>0x1530</run_address>
         <size>0x160</size>
         <input_file_ref idref="fl-2"/>
      </object_component>
      <object_component id="oc-440">
         <name>.text:GPIOPadConfigSet</name>
         <load_address>0x1690</load_address>
         <run_address>0x1690</run_address>
         <size>0x130</size>
         <input_file_ref idref="fl-13e"/>
      </object_component>
      <object_component id="oc-f2">
         <name>.text:SysCtlClockGet</name>
         <load_address>0x17c0</load_address>
         <run_address>0x17c0</run_address>
         <size>0x10c</size>
         <input_file_ref idref="fl-142"/>
      </object_component>
      <object_component id="oc-39d">
         <name>.text:Fast_Init</name>
         <load_address>0x18cc</load_address>
         <run_address>0x18cc</run_address>
         <size>0x108</size>
         <input_file_ref idref="fl-2"/>
      </object_component>
      <object_component id="oc-12d">
         <name>.text:HV_Value_Set</name>
         <load_address>0x19d4</load_address>
         <run_address>0x19d4</run_address>
         <size>0x104</size>
         <input_file_ref idref="fl-2"/>
      </object_component>
      <object_component id="oc-60">
         <name>.text:I2C0SlaveIntHandler</name>
         <load_address>0x1ad8</load_address>
         <run_address>0x1ad8</run_address>
         <size>0xfc</size>
         <input_file_ref idref="fl-2"/>
      </object_component>
      <object_component id="oc-2cd">
         <name>.text</name>
         <load_address>0x1bd4</load_address>
         <run_address>0x1bd4</run_address>
         <size>0xfc</size>
         <input_file_ref idref="fl-130"/>
      </object_component>
      <object_component id="oc-258">
         <name>.text:SysCtlClockSet</name>
         <load_address>0x1cd0</load_address>
         <run_address>0x1cd0</run_address>
         <size>0xf0</size>
         <input_file_ref idref="fl-142"/>
      </object_component>
      <object_component id="oc-270">
         <name>.text:PYLD_SPEED_SCIENCE_INIT</name>
         <load_address>0x1dc0</load_address>
         <run_address>0x1dc0</run_address>
         <size>0xe8</size>
         <input_file_ref idref="fl-2"/>
      </object_component>
      <object_component id="oc-210">
         <name>.text:PL_PREV_STATE_CHECK</name>
         <load_address>0x1ea8</load_address>
         <run_address>0x1ea8</run_address>
         <size>0xe4</size>
         <input_file_ref idref="fl-2"/>
      </object_component>
      <object_component id="oc-371">
         <name>.text:Configure_SSI_Science</name>
         <load_address>0x1f8c</load_address>
         <run_address>0x1f8c</run_address>
         <size>0xd0</size>
         <input_file_ref idref="fl-2"/>
      </object_component>
      <object_component id="oc-30d">
         <name>.text:Disable_Analog</name>
         <load_address>0x205c</load_address>
         <run_address>0x205c</run_address>
         <size>0xcc</size>
         <input_file_ref idref="fl-2"/>
      </object_component>
      <object_component id="oc-301">
         <name>.text:PL_SCIENCE_INT_DISABLE</name>
         <load_address>0x2128</load_address>
         <run_address>0x2128</run_address>
         <size>0xc4</size>
         <input_file_ref idref="fl-2"/>
      </object_component>
      <object_component id="oc-396">
         <name>.text:InitDMA</name>
         <load_address>0x21ec</load_address>
         <run_address>0x21ec</run_address>
         <size>0xac</size>
         <input_file_ref idref="fl-2"/>
      </object_component>
      <object_component id="oc-26a">
         <name>.text:PYLD_SPEED_HIBERNATE_INIT</name>
         <load_address>0x2298</load_address>
         <run_address>0x2298</run_address>
         <size>0xa8</size>
         <input_file_ref idref="fl-2"/>
      </object_component>
      <object_component id="oc-6f">
         <name>.text</name>
         <load_address>0x2340</load_address>
         <run_address>0x2340</run_address>
         <size>0x9c</size>
         <input_file_ref idref="fl-132"/>
      </object_component>
      <object_component id="oc-2d7">
         <name>.text:Configure_ADC_SCI</name>
         <load_address>0x23dc</load_address>
         <run_address>0x23dc</run_address>
         <size>0x98</size>
         <input_file_ref idref="fl-2"/>
      </object_component>
      <object_component id="oc-2f4">
         <name>.text:I2C_Write</name>
         <load_address>0x2474</load_address>
         <run_address>0x2474</run_address>
         <size>0x94</size>
         <input_file_ref idref="fl-2"/>
      </object_component>
      <object_component id="oc-38a">
         <name>.text:Configure_DAC</name>
         <load_address>0x2508</load_address>
         <run_address>0x2508</run_address>
         <size>0x90</size>
         <input_file_ref idref="fl-2"/>
      </object_component>
      <object_component id="oc-264">
         <name>.text:PYLD_SPEED_STANDBY_INIT</name>
         <load_address>0x2598</load_address>
         <run_address>0x2598</run_address>
         <size>0x90</size>
         <input_file_ref idref="fl-2"/>
      </object_component>
      <object_component id="oc-1ce">
         <name>.text:uDMAChannelTransferSet</name>
         <load_address>0x2628</load_address>
         <run_address>0x2628</run_address>
         <size>0x84</size>
         <input_file_ref idref="fl-146"/>
      </object_component>
      <object_component id="oc-1ec">
         <name>.text:GET_HV_VOLTAGE</name>
         <load_address>0x26ac</load_address>
         <run_address>0x26ac</run_address>
         <size>0x80</size>
         <input_file_ref idref="fl-2"/>
      </object_component>
      <object_component id="oc-48">
         <name>.text:SSI0_IntHandler</name>
         <load_address>0x272c</load_address>
         <run_address>0x272c</run_address>
         <size>0x80</size>
         <input_file_ref idref="fl-2"/>
      </object_component>
      <object_component id="oc-365">
         <name>.text:ConfigureI2CSlave</name>
         <load_address>0x27ac</load_address>
         <run_address>0x27ac</run_address>
         <size>0x7c</size>
         <input_file_ref idref="fl-2"/>
      </object_component>
      <object_component id="oc-2e5">
         <name>.text:ADCSequenceStepConfigure</name>
         <load_address>0x2828</load_address>
         <run_address>0x2828</run_address>
         <size>0x7a</size>
         <input_file_ref idref="fl-13c"/>
      </object_component>
      <object_component id="oc-88">
         <name>.text</name>
         <load_address>0x28a2</load_address>
         <run_address>0x28a2</run_address>
         <size>0x7a</size>
         <input_file_ref idref="fl-133"/>
      </object_component>
      <object_component id="oc-dd">
         <name>.text:DMA_SPI_Transfer_Science</name>
         <load_address>0x291c</load_address>
         <run_address>0x291c</run_address>
         <size>0x78</size>
         <input_file_ref idref="fl-2"/>
      </object_component>
      <object_component id="oc-37e">
         <name>.text:Configure_Analog</name>
         <load_address>0x2994</load_address>
         <run_address>0x2994</run_address>
         <size>0x74</size>
         <input_file_ref idref="fl-2"/>
      </object_component>
      <object_component id="oc-9a">
         <name>.text</name>
         <load_address>0x2a08</load_address>
         <run_address>0x2a08</run_address>
         <size>0x6c</size>
         <input_file_ref idref="fl-13a"/>
      </object_component>
      <object_component id="oc-7b">
         <name>.text</name>
         <load_address>0x2a74</load_address>
         <run_address>0x2a74</run_address>
         <size>0x6a</size>
         <input_file_ref idref="fl-12d"/>
      </object_component>
      <object_component id="oc-3af">
         <name>.text:IntDisable</name>
         <load_address>0x2ae0</load_address>
         <run_address>0x2ae0</run_address>
         <size>0x68</size>
         <input_file_ref idref="fl-140"/>
      </object_component>
      <object_component id="oc-1c2">
         <name>.text:IntEnable</name>
         <load_address>0x2b48</load_address>
         <run_address>0x2b48</run_address>
         <size>0x68</size>
         <input_file_ref idref="fl-140"/>
      </object_component>
      <object_component id="oc-1fe">
         <name>.text:FlashProgram</name>
         <load_address>0x2bb0</load_address>
         <run_address>0x2bb0</run_address>
         <size>0x64</size>
         <input_file_ref idref="fl-13d"/>
      </object_component>
      <object_component id="oc-4c2">
         <name>.text:TimerConfigure</name>
         <load_address>0x2c14</load_address>
         <run_address>0x2c14</run_address>
         <size>0x60</size>
         <input_file_ref idref="fl-144"/>
      </object_component>
      <object_component id="oc-433">
         <name>.text:UARTStdioConfig</name>
         <load_address>0x2c74</load_address>
         <run_address>0x2c74</run_address>
         <size>0x60</size>
         <input_file_ref idref="fl-4"/>
      </object_component>
      <object_component id="oc-35f">
         <name>.text:ConfigureUART</name>
         <load_address>0x2cd4</load_address>
         <run_address>0x2cd4</run_address>
         <size>0x58</size>
         <input_file_ref idref="fl-2"/>
      </object_component>
      <object_component id="oc-3a3">
         <name>.text:Configure_Science_Timer</name>
         <load_address>0x2d2c</load_address>
         <run_address>0x2d2c</run_address>
         <size>0x58</size>
         <input_file_ref idref="fl-2"/>
      </object_component>
      <object_component id="oc-127">
         <name>.text:DAC_Value_SET</name>
         <load_address>0x2d84</load_address>
         <run_address>0x2d84</run_address>
         <size>0x58</size>
         <input_file_ref idref="fl-2"/>
      </object_component>
      <object_component id="oc-414">
         <name>.text:GPIOIntTypeSet</name>
         <load_address>0x2ddc</load_address>
         <run_address>0x2ddc</run_address>
         <size>0x56</size>
         <input_file_ref idref="fl-13e"/>
      </object_component>
      <object_component id="oc-5a">
         <name>.text:HV_Timer_INT_Handler</name>
         <load_address>0x2e34</load_address>
         <run_address>0x2e34</run_address>
         <size>0x54</size>
         <input_file_ref idref="fl-2"/>
      </object_component>
      <object_component id="oc-390">
         <name>.text:DAC_Config</name>
         <load_address>0x2e88</load_address>
         <run_address>0x2e88</run_address>
         <size>0x50</size>
         <input_file_ref idref="fl-2"/>
      </object_component>
      <object_component id="oc-43a">
         <name>.text:SysCtlPeripheralReset</name>
         <load_address>0x2ed8</load_address>
         <run_address>0x2ed8</run_address>
         <size>0x50</size>
         <input_file_ref idref="fl-142"/>
      </object_component>
      <object_component id="oc-24">
         <name>.text</name>
         <load_address>0x2f28</load_address>
         <run_address>0x2f28</run_address>
         <size>0x50</size>
         <input_file_ref idref="fl-12b"/>
      </object_component>
      <object_component id="oc-25e">
         <name>.text:ConfigureWatchdog</name>
         <load_address>0x2f78</load_address>
         <run_address>0x2f78</run_address>
         <size>0x4c</size>
         <input_file_ref idref="fl-2"/>
      </object_component>
      <object_component id="oc-2b0">
         <name>.text:Configure_ADC_HV</name>
         <load_address>0x2fc4</load_address>
         <run_address>0x2fc4</run_address>
         <size>0x4c</size>
         <input_file_ref idref="fl-2"/>
      </object_component>
      <object_component id="oc-18d">
         <name>.text</name>
         <load_address>0x3010</load_address>
         <run_address>0x3010</run_address>
         <size>0x4c</size>
         <input_file_ref idref="fl-13b"/>
      </object_component>
      <object_component id="oc-222">
         <name>.text:uc_core_temp</name>
         <load_address>0x305c</load_address>
         <run_address>0x305c</run_address>
         <size>0x4c</size>
         <input_file_ref idref="fl-2"/>
      </object_component>
      <object_component id="oc-421">
         <name>.text:GPIOPinConfigure</name>
         <load_address>0x30a8</load_address>
         <run_address>0x30a8</run_address>
         <size>0x48</size>
         <input_file_ref idref="fl-13e"/>
      </object_component>
      <object_component id="oc-15a">
         <name>.text:IntPendClear</name>
         <load_address>0x30f0</load_address>
         <run_address>0x30f0</run_address>
         <size>0x48</size>
         <input_file_ref idref="fl-140"/>
      </object_component>
      <object_component id="oc-292">
         <name>.text:UARTwrite</name>
         <load_address>0x3138</load_address>
         <run_address>0x3138</run_address>
         <size>0x48</size>
         <input_file_ref idref="fl-4"/>
      </object_component>
      <object_component id="oc-4a0">
         <name>.text:uDMAChannelAttributeDisable</name>
         <load_address>0x3180</load_address>
         <run_address>0x3180</run_address>
         <size>0x48</size>
         <input_file_ref idref="fl-146"/>
      </object_component>
      <object_component id="oc-4a6">
         <name>.text:uDMAChannelAttributeEnable</name>
         <load_address>0x31c8</load_address>
         <run_address>0x31c8</run_address>
         <size>0x48</size>
         <input_file_ref idref="fl-146"/>
      </object_component>
      <object_component id="oc-318">
         <name>.text:ADCConfigure_TEMP_uC</name>
         <load_address>0x3210</load_address>
         <run_address>0x3210</run_address>
         <size>0x44</size>
         <input_file_ref idref="fl-2"/>
      </object_component>
      <object_component id="oc-a6">
         <name>.text</name>
         <load_address>0x3254</load_address>
         <run_address>0x3254</run_address>
         <size>0x44</size>
         <input_file_ref idref="fl-12f"/>
      </object_component>
      <object_component id="oc-2d2">
         <name>.text</name>
         <load_address>0x3298</load_address>
         <run_address>0x3298</run_address>
         <size>0x44</size>
         <input_file_ref idref="fl-131"/>
      </object_component>
      <object_component id="oc-298">
         <name>.text</name>
         <load_address>0x32dc</load_address>
         <run_address>0x32dc</run_address>
         <size>0x42</size>
         <input_file_ref idref="fl-136"/>
      </object_component>
      <object_component id="oc-3d1">
         <name>.text:ADCSequenceConfigure</name>
         <load_address>0x331e</load_address>
         <run_address>0x331e</run_address>
         <size>0x3e</size>
         <input_file_ref idref="fl-13c"/>
      </object_component>
      <object_component id="oc-228">
         <name>.text:FLASH_BUFFER_WRITE</name>
         <load_address>0x335c</load_address>
         <run_address>0x335c</run_address>
         <size>0x3c</size>
         <input_file_ref idref="fl-2"/>
      </object_component>
      <object_component id="oc-473">
         <name>.text:SSIConfigSetExpClk</name>
         <load_address>0x3398</load_address>
         <run_address>0x3398</run_address>
         <size>0x3c</size>
         <input_file_ref idref="fl-141"/>
      </object_component>
      <object_component id="oc-4e">
         <name>.text:Watchdog0IntHandler</name>
         <load_address>0x33d4</load_address>
         <run_address>0x33d4</run_address>
         <size>0x3b</size>
         <input_file_ref idref="fl-2"/>
      </object_component>
      <object_component id="oc-160">
         <name>.text:Buffer_Clear</name>
         <load_address>0x3410</load_address>
         <run_address>0x3410</run_address>
         <size>0x38</size>
         <input_file_ref idref="fl-2"/>
      </object_component>
      <object_component id="oc-148">
         <name>.text:CRC_16_Calc</name>
         <load_address>0x3448</load_address>
         <run_address>0x3448</run_address>
         <size>0x34</size>
         <input_file_ref idref="fl-2"/>
      </object_component>
      <object_component id="oc-334">
         <name>.text:SysCtlPeripheralEnable</name>
         <load_address>0x347c</load_address>
         <run_address>0x347c</run_address>
         <size>0x34</size>
         <input_file_ref idref="fl-142"/>
      </object_component>
      <object_component id="oc-307">
         <name>.text:Clean_Buffer</name>
         <load_address>0x34b0</load_address>
         <run_address>0x34b0</run_address>
         <size>0x30</size>
         <input_file_ref idref="fl-2"/>
      </object_component>
      <object_component id="oc-2fa">
         <name>.text:I2C_DATA_PRINT</name>
         <load_address>0x34e0</load_address>
         <run_address>0x34e0</run_address>
         <size>0x30</size>
         <input_file_ref idref="fl-2"/>
      </object_component>
      <object_component id="oc-ba">
         <name>.text:ADCIntStatus</name>
         <load_address>0x3510</load_address>
         <run_address>0x3510</run_address>
         <size>0x2e</size>
         <input_file_ref idref="fl-13c"/>
      </object_component>
      <object_component id="oc-49a">
         <name>.text:uDMAChannelAssign</name>
         <load_address>0x3540</load_address>
         <run_address>0x3540</run_address>
         <size>0x2c</size>
         <input_file_ref idref="fl-146"/>
      </object_component>
      <object_component id="oc-485">
         <name>.text:GPIODirModeSet</name>
         <load_address>0x356c</load_address>
         <run_address>0x356c</run_address>
         <size>0x2a</size>
         <input_file_ref idref="fl-13e"/>
      </object_component>
      <object_component id="oc-10b">
         <name>.text:BLUELED_Blink</name>
         <load_address>0x3598</load_address>
         <run_address>0x3598</run_address>
         <size>0x28</size>
         <input_file_ref idref="fl-2"/>
      </object_component>
      <object_component id="oc-ec">
         <name>.text:REDLED_Blink</name>
         <load_address>0x35c0</load_address>
         <run_address>0x35c0</run_address>
         <size>0x28</size>
         <input_file_ref idref="fl-2"/>
      </object_component>
      <object_component id="oc-3c">
         <name>.text:IntDefaultHandler</name>
         <load_address>0x35e8</load_address>
         <run_address>0x35e8</run_address>
         <size>0x27</size>
         <input_file_ref idref="fl-3"/>
      </object_component>
      <object_component id="oc-4ac">
         <name>.text:uDMAChannelControlSet</name>
         <load_address>0x3610</load_address>
         <run_address>0x3610</run_address>
         <size>0x24</size>
         <input_file_ref idref="fl-146"/>
      </object_component>
      <object_component id="oc-36">
         <name>.text:FaultISR</name>
         <load_address>0x3634</load_address>
         <run_address>0x3634</run_address>
         <size>0x20</size>
         <input_file_ref idref="fl-3"/>
      </object_component>
      <object_component id="oc-21c">
         <name>.text:SPI_Test</name>
         <load_address>0x3654</load_address>
         <run_address>0x3654</run_address>
         <size>0x20</size>
         <input_file_ref idref="fl-2"/>
      </object_component>
      <object_component id="oc-2c8">
         <name>.text</name>
         <load_address>0x3674</load_address>
         <run_address>0x3674</run_address>
         <size>0x20</size>
         <input_file_ref idref="fl-137"/>
      </object_component>
      <object_component id="oc-2c2">
         <name>.text:ADCSequenceDataGet</name>
         <load_address>0x3694</load_address>
         <run_address>0x3694</run_address>
         <size>0x1e</size>
         <input_file_ref idref="fl-13c"/>
      </object_component>
      <object_component id="oc-b2">
         <name>.text:UARTprintf</name>
         <load_address>0x36b2</load_address>
         <run_address>0x36b2</run_address>
         <size>0x1a</size>
         <input_file_ref idref="fl-4"/>
      </object_component>
      <object_component id="oc-2b6">
         <name>.text:ADCProcessorTrigger</name>
         <load_address>0x36cc</load_address>
         <run_address>0x36cc</run_address>
         <size>0x18</size>
         <input_file_ref idref="fl-13c"/>
      </object_component>
      <object_component id="oc-384">
         <name>.text:GPIOPinTypeGPIOOutput</name>
         <load_address>0x36e4</load_address>
         <run_address>0x36e4</run_address>
         <size>0x18</size>
         <input_file_ref idref="fl-13e"/>
      </object_component>
      <object_component id="oc-a0">
         <name>.text</name>
         <load_address>0x36fc</load_address>
         <run_address>0x36fc</run_address>
         <size>0x18</size>
         <input_file_ref idref="fl-139"/>
      </object_component>
      <object_component id="oc-4b8">
         <name>.text:uDMAChannelDisable</name>
         <load_address>0x3714</load_address>
         <run_address>0x3714</run_address>
         <size>0x18</size>
         <input_file_ref idref="fl-146"/>
      </object_component>
      <object_component id="oc-1d4">
         <name>.text:uDMAChannelEnable</name>
         <load_address>0x372c</load_address>
         <run_address>0x372c</run_address>
         <size>0x18</size>
         <input_file_ref idref="fl-146"/>
      </object_component>
      <object_component id="oc-1c8">
         <name>.text:uDMAChannelIsEnabled</name>
         <load_address>0x3744</load_address>
         <run_address>0x3744</run_address>
         <size>0x18</size>
         <input_file_ref idref="fl-146"/>
      </object_component>
      <object_component id="oc-4c8">
         <name>.text:TimerControlEvent</name>
         <load_address>0x375c</load_address>
         <run_address>0x375c</run_address>
         <size>0x16</size>
         <input_file_ref idref="fl-144"/>
      </object_component>
      <object_component id="oc-3fe">
         <name>.text:TimerDisable</name>
         <load_address>0x3774</load_address>
         <run_address>0x3774</run_address>
         <size>0x14</size>
         <input_file_ref idref="fl-144"/>
      </object_component>
      <object_component id="oc-284">
         <name>.text</name>
         <load_address>0x3788</load_address>
         <run_address>0x3788</run_address>
         <size>0x14</size>
         <input_file_ref idref="fl-138"/>
      </object_component>
      <object_component id="oc-2eb">
         <name>.text:ADCHardwareOversampleConfigure</name>
         <load_address>0x379c</load_address>
         <run_address>0x379c</run_address>
         <size>0x12</size>
         <input_file_ref idref="fl-13c"/>
      </object_component>
      <object_component id="oc-40e">
         <name>.text:GPIOPinTypeGPIOInput</name>
         <load_address>0x37ae</load_address>
         <run_address>0x37ae</run_address>
         <size>0x12</size>
         <input_file_ref idref="fl-13e"/>
      </object_component>
      <object_component id="oc-44c">
         <name>.text:GPIOPinTypeI2C</name>
         <load_address>0x37c0</load_address>
         <run_address>0x37c0</run_address>
         <size>0x12</size>
         <input_file_ref idref="fl-13e"/>
      </object_component>
      <object_component id="oc-446">
         <name>.text:GPIOPinTypeI2CSCL</name>
         <load_address>0x37d2</load_address>
         <run_address>0x37d2</run_address>
         <size>0x12</size>
         <input_file_ref idref="fl-13e"/>
      </object_component>
      <object_component id="oc-46d">
         <name>.text:GPIOPinTypeSSI</name>
         <load_address>0x37e4</load_address>
         <run_address>0x37e4</run_address>
         <size>0x12</size>
         <input_file_ref idref="fl-13e"/>
      </object_component>
      <object_component id="oc-4ce">
         <name>.text:GPIOPinTypeTimer</name>
         <load_address>0x37f6</load_address>
         <run_address>0x37f6</run_address>
         <size>0x12</size>
         <input_file_ref idref="fl-13e"/>
      </object_component>
      <object_component id="oc-427">
         <name>.text:GPIOPinTypeUART</name>
         <load_address>0x3808</load_address>
         <run_address>0x3808</run_address>
         <size>0x12</size>
         <input_file_ref idref="fl-13e"/>
      </object_component>
      <object_component id="oc-4db">
         <name>.text:TimerLoadSet</name>
         <load_address>0x381a</load_address>
         <run_address>0x381a</run_address>
         <size>0x12</size>
         <input_file_ref idref="fl-144"/>
      </object_component>
      <object_component id="oc-45e">
         <name>.text:I2CSlaveEnable</name>
         <load_address>0x382c</load_address>
         <run_address>0x382c</run_address>
         <size>0x10</size>
         <input_file_ref idref="fl-13f"/>
      </object_component>
      <object_component id="oc-458">
         <name>.text:IntMasterEnable</name>
         <load_address>0x383c</load_address>
         <run_address>0x383c</run_address>
         <size>0x10</size>
         <input_file_ref idref="fl-140"/>
      </object_component>
      <object_component id="oc-216">
         <name>.text:Reset</name>
         <load_address>0x384c</load_address>
         <run_address>0x384c</run_address>
         <size>0x10</size>
         <input_file_ref idref="fl-2"/>
      </object_component>
      <object_component id="oc-36b">
         <name>.text:SysTickPeriodSet</name>
         <load_address>0x385c</load_address>
         <run_address>0x385c</run_address>
         <size>0x10</size>
         <input_file_ref idref="fl-143"/>
      </object_component>
      <object_component id="oc-48e">
         <name>.text:uDMAEnable</name>
         <load_address>0x386c</load_address>
         <run_address>0x386c</run_address>
         <size>0x10</size>
         <input_file_ref idref="fl-146"/>
      </object_component>
      <object_component id="oc-3d7">
         <name>.text:ADCSequenceEnable</name>
         <load_address>0x387c</load_address>
         <run_address>0x387c</run_address>
         <size>0xe</size>
         <input_file_ref idref="fl-13c"/>
      </object_component>
      <object_component id="oc-3a9">
         <name>.text:GPIOIntDisable</name>
         <load_address>0x388a</load_address>
         <run_address>0x388a</run_address>
         <size>0xe</size>
         <input_file_ref idref="fl-13e"/>
      </object_component>
      <object_component id="oc-464">
         <name>.text:I2CSlaveInit</name>
         <load_address>0x3898</load_address>
         <run_address>0x3898</run_address>
         <size>0xe</size>
         <input_file_ref idref="fl-13f"/>
      </object_component>
      <object_component id="oc-4d4">
         <name>.text:TimerEnable</name>
         <load_address>0x38a6</load_address>
         <run_address>0x38a6</run_address>
         <size>0xe</size>
         <input_file_ref idref="fl-144"/>
      </object_component>
      <object_component id="oc-12">
         <name>.text:decompress:none</name>
         <load_address>0x38b4</load_address>
         <run_address>0x38b4</run_address>
         <size>0xe</size>
         <input_file_ref idref="fl-12c"/>
      </object_component>
      <object_component id="oc-506">
         <name>.text:CPUcpsie</name>
         <load_address>0x38c2</load_address>
         <run_address>0x38c2</run_address>
         <size>0xc</size>
         <input_file_ref idref="fl-148"/>
      </object_component>
      <object_component id="oc-41a">
         <name>.text:GPIOIntEnable</name>
         <load_address>0x38ce</load_address>
         <run_address>0x38ce</run_address>
         <size>0xc</size>
         <input_file_ref idref="fl-13e"/>
      </object_component>
      <object_component id="oc-452">
         <name>.text:I2CSlaveIntEnableEx</name>
         <load_address>0x38da</load_address>
         <run_address>0x38da</run_address>
         <size>0xc</size>
         <input_file_ref idref="fl-13f"/>
      </object_component>
      <object_component id="oc-33a">
         <name>.text:WatchdogUnlock</name>
         <load_address>0x38e8</load_address>
         <run_address>0x38e8</run_address>
         <size>0xc</size>
         <input_file_ref idref="fl-147"/>
      </object_component>
      <object_component id="oc-1e">
         <name>.text:decompress:ZI</name>
         <load_address>0x38f4</load_address>
         <run_address>0x38f4</run_address>
         <size>0xc</size>
         <input_file_ref idref="fl-12e"/>
      </object_component>
      <object_component id="oc-494">
         <name>.text:uDMAControlBaseSet</name>
         <load_address>0x3900</load_address>
         <run_address>0x3900</run_address>
         <size>0xc</size>
         <input_file_ref idref="fl-146"/>
      </object_component>
      <object_component id="oc-2bc">
         <name>.text:ADCIntClear</name>
         <load_address>0x390c</load_address>
         <run_address>0x390c</run_address>
         <size>0xa</size>
         <input_file_ref idref="fl-13c"/>
      </object_component>
      <object_component id="oc-111">
         <name>.text:SSIDataPut</name>
         <load_address>0x3916</load_address>
         <run_address>0x3916</run_address>
         <size>0xa</size>
         <input_file_ref idref="fl-141"/>
      </object_component>
      <object_component id="oc-479">
         <name>.text:SSIEnable</name>
         <load_address>0x3920</load_address>
         <run_address>0x3920</run_address>
         <size>0xa</size>
         <input_file_ref idref="fl-141"/>
      </object_component>
      <object_component id="oc-d0">
         <name>.text:SSIIntStatus</name>
         <load_address>0x392a</load_address>
         <run_address>0x392a</run_address>
         <size>0xa</size>
         <input_file_ref idref="fl-141"/>
      </object_component>
      <object_component id="oc-3f8">
         <name>.text:TimerIntDisable</name>
         <load_address>0x3934</load_address>
         <run_address>0x3934</run_address>
         <size>0xa</size>
         <input_file_ref idref="fl-144"/>
      </object_component>
      <object_component id="oc-ff">
         <name>.text:TimerValueGet</name>
         <load_address>0x393e</load_address>
         <run_address>0x393e</run_address>
         <size>0xa</size>
         <input_file_ref idref="fl-144"/>
      </object_component>
      <object_component id="oc-34c">
         <name>.text:WatchdogEnable</name>
         <load_address>0x3948</load_address>
         <run_address>0x3948</run_address>
         <size>0xa</size>
         <input_file_ref idref="fl-147"/>
      </object_component>
      <object_component id="oc-346">
         <name>.text:WatchdogResetEnable</name>
         <load_address>0x3952</load_address>
         <run_address>0x3952</run_address>
         <size>0xa</size>
         <input_file_ref idref="fl-147"/>
      </object_component>
      <object_component id="oc-136">
         <name>.text:I2CSlaveIntClear</name>
         <load_address>0x395c</load_address>
         <run_address>0x395c</run_address>
         <size>0x8</size>
         <input_file_ref idref="fl-13f"/>
      </object_component>
      <object_component id="oc-117">
         <name>.text:SSIBusy</name>
         <load_address>0x3964</load_address>
         <run_address>0x3964</run_address>
         <size>0x8</size>
         <input_file_ref idref="fl-141"/>
      </object_component>
      <object_component id="oc-4b2">
         <name>.text:SSIDMAEnable</name>
         <load_address>0x396c</load_address>
         <run_address>0x396c</run_address>
         <size>0x8</size>
         <input_file_ref idref="fl-141"/>
      </object_component>
      <object_component id="oc-4e1">
         <name>.text:TimerIntEnable</name>
         <load_address>0x3974</load_address>
         <run_address>0x3974</run_address>
         <size>0x8</size>
         <input_file_ref idref="fl-144"/>
      </object_component>
      <object_component id="oc-352">
         <name>.text:WatchdogLock</name>
         <load_address>0x397c</load_address>
         <run_address>0x397c</run_address>
         <size>0x8</size>
         <input_file_ref idref="fl-147"/>
      </object_component>
      <object_component id="oc-121">
         <name>.text:GPIOPinRead</name>
         <load_address>0x3984</load_address>
         <run_address>0x3984</run_address>
         <size>0x6</size>
         <input_file_ref idref="fl-13e"/>
      </object_component>
      <object_component id="oc-105">
         <name>.text:GPIOPinWrite</name>
         <load_address>0x398a</load_address>
         <run_address>0x398a</run_address>
         <size>0x6</size>
         <input_file_ref idref="fl-13e"/>
      </object_component>
      <object_component id="oc-142">
         <name>.text:I2CSlaveDataGet</name>
         <load_address>0x3990</load_address>
         <run_address>0x3990</run_address>
         <size>0x6</size>
         <input_file_ref idref="fl-13f"/>
      </object_component>
      <object_component id="oc-3f0">
         <name>.text:I2CSlaveDataPut</name>
         <load_address>0x3996</load_address>
         <run_address>0x3996</run_address>
         <size>0x6</size>
         <input_file_ref idref="fl-13f"/>
      </object_component>
      <object_component id="oc-154">
         <name>.text:I2CSlaveIntClearEx</name>
         <load_address>0x399c</load_address>
         <run_address>0x399c</run_address>
         <size>0x6</size>
         <input_file_ref idref="fl-13f"/>
      </object_component>
      <object_component id="oc-13c">
         <name>.text:I2CSlaveStatus</name>
         <load_address>0x39a2</load_address>
         <run_address>0x39a2</run_address>
         <size>0x6</size>
         <input_file_ref idref="fl-13f"/>
      </object_component>
      <object_component id="oc-2a">
         <name>.text:ResetISR</name>
         <load_address>0x39a8</load_address>
         <run_address>0x39a8</run_address>
         <size>0x6</size>
         <input_file_ref idref="fl-3"/>
      </object_component>
      <object_component id="oc-dc">
         <name>.text:SysCtlDelay</name>
         <load_address>0x39ae</load_address>
         <run_address>0x39ae</run_address>
         <size>0x6</size>
         <input_file_ref idref="fl-142"/>
      </object_component>
      <object_component id="oc-42d">
         <name>.text:UARTClockSourceSet</name>
         <load_address>0x39b4</load_address>
         <run_address>0x39b4</run_address>
         <size>0x6</size>
         <input_file_ref idref="fl-145"/>
      </object_component>
      <object_component id="oc-1f2">
         <name>.text:WatchdogIntClear</name>
         <load_address>0x39ba</load_address>
         <run_address>0x39ba</run_address>
         <size>0x6</size>
         <input_file_ref idref="fl-147"/>
      </object_component>
      <object_component id="oc-18">
         <name>.text:decompress:rle24</name>
         <load_address>0x39c0</load_address>
         <run_address>0x39c0</run_address>
         <size>0x6</size>
         <input_file_ref idref="fl-12d"/>
      </object_component>
      <object_component id="oc-d6">
         <name>.text:SSIIntClear</name>
         <load_address>0x39c6</load_address>
         <run_address>0x39c6</run_address>
         <size>0x4</size>
         <input_file_ref idref="fl-141"/>
      </object_component>
      <object_component id="oc-f9">
         <name>.text:TimerIntClear</name>
         <load_address>0x39ca</load_address>
         <run_address>0x39ca</run_address>
         <size>0x4</size>
         <input_file_ref idref="fl-144"/>
      </object_component>
      <object_component id="oc-340">
         <name>.text:WatchdogReloadSet</name>
         <load_address>0x39ce</load_address>
         <run_address>0x39ce</run_address>
         <size>0x4</size>
         <input_file_ref idref="fl-147"/>
      </object_component>
      <object_component id="oc-94">
         <name>.text</name>
         <load_address>0x39d2</load_address>
         <run_address>0x39d2</run_address>
         <size>0x4</size>
         <input_file_ref idref="fl-134"/>
      </object_component>
      <object_component id="oc-4f6">
         <name>.const:g_pui32GPIOBaseAddrs</name>
         <load_address>0x39d8</load_address>
         <run_address>0x39d8</run_address>
         <size>0x90</size>
         <input_file_ref idref="fl-13e"/>
      </object_component>
      <object_component id="oc-242">
         <name>.const</name>
         <load_address>0x3a68</load_address>
         <run_address>0x3a68</run_address>
         <size>0x70</size>
         <input_file_ref idref="fl-140"/>
      </object_component>
      <object_component id="oc-1de">
         <name>.const:g_pui32Xtals</name>
         <load_address>0x3ad8</load_address>
         <run_address>0x3ad8</run_address>
         <size>0x6c</size>
         <input_file_ref idref="fl-142"/>
      </object_component>
      <object_component id="oc-4fd">
         <name>.const</name>
         <load_address>0x3b44</load_address>
         <run_address>0x3b44</run_address>
         <size>0x1c</size>
         <input_file_ref idref="fl-4"/>
      </object_component>
      <object_component id="oc-529">
         <name>.const:.string</name>
         <load_address>0x3b60</load_address>
         <run_address>0x3b60</run_address>
         <size>0x12</size>
         <input_file_ref idref="fl-4"/>
      </object_component>
      <object_component id="oc-550">
         <name>.cinit..data.load</name>
         <load_address>0x3b78</load_address>
         <run_address>0x3b78</run_address>
         <size>0x35</size>
      </object_component>
      <object_component id="oc-54e">
         <name>__TI_handler_table</name>
         <load_address>0x3bb0</load_address>
         <run_address>0x3bb0</run_address>
         <size>0xc</size>
      </object_component>
      <object_component id="oc-551">
         <name>.cinit..bss.load</name>
         <load_address>0x3bc0</load_address>
         <run_address>0x3bc0</run_address>
         <size>0x8</size>
      </object_component>
      <object_component id="oc-54f">
         <name>__TI_cinit_table</name>
         <load_address>0x3bc8</load_address>
         <run_address>0x3bc8</run_address>
         <size>0x10</size>
      </object_component>
      <object_component id="oc-29">
         <name>.stack</name>
         <uninitialized>true</uninitialized>
         <run_address>0x20004000</run_address>
         <size>0x0</size>
         <input_file_ref idref="fl-12b"/>
      </object_component>
      <object_component id="oc-552">
         <name>.stack</name>
         <uninitialized>true</uninitialized>
         <run_address>0x20004000</run_address>
         <size>0x0</size>
      </object_component>
      <object_component id="oc-4be">
         <name>.bss:ui8ControlTable</name>
         <uninitialized>true</uninitialized>
         <run_address>0x20003c00</run_address>
         <size>0x400</size>
         <input_file_ref idref="fl-2"/>
      </object_component>
      <object_component id="oc-377">
         <name>.bss:buffer1</name>
         <uninitialized>true</uninitialized>
         <run_address>0x20000000</run_address>
         <size>0x1a40</size>
         <input_file_ref idref="fl-2"/>
      </object_component>
      <object_component id="oc-37a">
         <name>.bss:buffer2</name>
         <uninitialized>true</uninitialized>
         <run_address>0x20001a40</run_address>
         <size>0x1a40</size>
         <input_file_ref idref="fl-2"/>
      </object_component>
      <object_component id="oc-166">
         <name>.bss:g_ui32DataRx</name>
         <uninitialized>true</uninitialized>
         <run_address>0x2000390c</run_address>
         <size>0x8c</size>
         <input_file_ref idref="fl-2"/>
      </object_component>
      <object_component id="oc-23a">
         <name>.bss:g_ui32DataTx</name>
         <uninitialized>true</uninitialized>
         <run_address>0x20003998</run_address>
         <size>0x8c</size>
         <input_file_ref idref="fl-2"/>
      </object_component>
      <object_component id="oc-23d">
         <name>.bss:FLSH_WR</name>
         <uninitialized>true</uninitialized>
         <run_address>0x20003480</run_address>
         <size>0x400</size>
         <input_file_ref idref="fl-2"/>
      </object_component>
      <object_component id="oc-237">
         <name>.bss:BF</name>
         <uninitialized>true</uninitialized>
         <run_address>0x20003a24</run_address>
         <size>0x28</size>
         <input_file_ref idref="fl-2"/>
      </object_component>
      <object_component id="oc-232">
         <name>.bss:Data</name>
         <uninitialized>true</uninitialized>
         <run_address>0x20003880</run_address>
         <size>0x8c</size>
         <input_file_ref idref="fl-2"/>
      </object_component>
      <object_component id="oc-278">
         <name>.bss:test</name>
         <uninitialized>true</uninitialized>
         <run_address>0x20003a4c</run_address>
         <size>0x28</size>
         <input_file_ref idref="fl-2"/>
      </object_component>
      <object_component id="oc-2dd">
         <name>.common:ADC_VALUE</name>
         <uninitialized>true</uninitialized>
         <run_address>0x20003a98</run_address>
         <size>0x4</size>
      </object_component>
      <object_component id="oc-11f">
         <name>.common:packet_sequence_count</name>
         <uninitialized>true</uninitialized>
         <run_address>0x20003ad8</run_address>
         <size>0x2</size>
      </object_component>
      <object_component id="oc-c7">
         <name>.common:frame</name>
         <uninitialized>true</uninitialized>
         <run_address>0x20003ae4</run_address>
         <size>0x1</size>
      </object_component>
      <object_component id="oc-c4">
         <name>.common:anticoincidence</name>
         <uninitialized>true</uninitialized>
         <run_address>0x20003aa8</run_address>
         <size>0x4</size>
      </object_component>
      <object_component id="oc-ce">
         <name>.common:coincidence</name>
         <uninitialized>true</uninitialized>
         <run_address>0x20003aac</run_address>
         <size>0x4</size>
      </object_component>
      <object_component id="oc-c5">
         <name>.common:ulADC0_Value</name>
         <uninitialized>true</uninitialized>
         <run_address>0x20003ada</run_address>
         <size>0x2</size>
      </object_component>
      <object_component id="oc-c6">
         <name>.common:ulADC1_Value</name>
         <uninitialized>true</uninitialized>
         <run_address>0x20003adc</run_address>
         <size>0x2</size>
      </object_component>
      <object_component id="oc-ca">
         <name>.common:x</name>
         <uninitialized>true</uninitialized>
         <run_address>0x20003aec</run_address>
         <size>0x1</size>
      </object_component>
      <object_component id="oc-cb">
         <name>.common:y</name>
         <uninitialized>true</uninitialized>
         <run_address>0x20003aed</run_address>
         <size>0x1</size>
      </object_component>
      <object_component id="oc-cc">
         <name>.common:temp</name>
         <uninitialized>true</uninitialized>
         <run_address>0x20003aea</run_address>
         <size>0x1</size>
      </object_component>
      <object_component id="oc-11d">
         <name>.common:trial</name>
         <uninitialized>true</uninitialized>
         <run_address>0x20003ac8</run_address>
         <size>0x4</size>
      </object_component>
      <object_component id="oc-cd">
         <name>.common:trial2</name>
         <uninitialized>true</uninitialized>
         <run_address>0x20003acc</run_address>
         <size>0x4</size>
      </object_component>
      <object_component id="oc-c9">
         <name>.common:science_data_mode</name>
         <uninitialized>true</uninitialized>
         <run_address>0x20003ae9</run_address>
         <size>0x1</size>
      </object_component>
      <object_component id="oc-11e">
         <name>.common:fast_counts</name>
         <uninitialized>true</uninitialized>
         <run_address>0x20003ab0</run_address>
         <size>0x4</size>
      </object_component>
      <object_component id="oc-e4">
         <name>.common:transfer</name>
         <uninitialized>true</uninitialized>
         <run_address>0x20003aeb</run_address>
         <size>0x1</size>
      </object_component>
      <object_component id="oc-c8">
         <name>.common:ptr1</name>
         <uninitialized>true</uninitialized>
         <run_address>0x20003abc</run_address>
         <size>0x4</size>
      </object_component>
      <object_component id="oc-ea">
         <name>.common:ptr2</name>
         <uninitialized>true</uninitialized>
         <run_address>0x20003ac0</run_address>
         <size>0x4</size>
      </object_component>
      <object_component id="oc-276">
         <name>.common:pyld_status</name>
         <uninitialized>true</uninitialized>
         <run_address>0x20003ae8</run_address>
         <size>0x1</size>
      </object_component>
      <object_component id="oc-e5">
         <name>.common:SPI</name>
         <uninitialized>true</uninitialized>
         <run_address>0x20003ae0</run_address>
         <size>0x1</size>
      </object_component>
      <object_component id="oc-27b">
         <name>.common:loop_counter</name>
         <uninitialized>true</uninitialized>
         <run_address>0x20003ab4</run_address>
         <size>0x4</size>
      </object_component>
      <object_component id="oc-236">
         <name>.common:mode_change</name>
         <uninitialized>true</uninitialized>
         <run_address>0x20003ae6</run_address>
         <size>0x1</size>
      </object_component>
      <object_component id="oc-134">
         <name>.common:high_voltage</name>
         <uninitialized>true</uninitialized>
         <run_address>0x20003ad4</run_address>
         <size>0x2</size>
      </object_component>
      <object_component id="oc-277">
         <name>.common:low_voltage</name>
         <uninitialized>true</uninitialized>
         <run_address>0x20003ad6</run_address>
         <size>0x2</size>
      </object_component>
      <object_component id="oc-230">
         <name>.common:Command</name>
         <uninitialized>true</uninitialized>
         <run_address>0x20003ade</run_address>
         <size>0x1</size>
      </object_component>
      <object_component id="oc-22e">
         <name>.common:TCPSC</name>
         <uninitialized>true</uninitialized>
         <run_address>0x20003ae2</run_address>
         <size>0x1</size>
      </object_component>
      <object_component id="oc-22f">
         <name>.common:Service</name>
         <uninitialized>true</uninitialized>
         <run_address>0x20003ae1</run_address>
         <size>0x1</size>
      </object_component>
      <object_component id="oc-231">
         <name>.common:FL_TEMP</name>
         <uninitialized>true</uninitialized>
         <run_address>0x20003a74</run_address>
         <size>0xc</size>
      </object_component>
      <object_component id="oc-316">
         <name>.common:pui32DataTx</name>
         <uninitialized>true</uninitialized>
         <run_address>0x20003a8c</run_address>
         <size>0xc</size>
      </object_component>
      <object_component id="oc-315">
         <name>.common:pui32DataRx</name>
         <uninitialized>true</uninitialized>
         <run_address>0x20003a80</run_address>
         <size>0xc</size>
      </object_component>
      <object_component id="oc-16a">
         <name>.common:pia</name>
         <uninitialized>true</uninitialized>
         <run_address>0x20003ab8</run_address>
         <size>0x4</size>
      </object_component>
      <object_component id="oc-235">
         <name>.common:siv</name>
         <uninitialized>true</uninitialized>
         <run_address>0x20003ac4</run_address>
         <size>0x4</size>
      </object_component>
      <object_component id="oc-169">
         <name>.common:I2C_FLAG</name>
         <uninitialized>true</uninitialized>
         <run_address>0x20003a9c</run_address>
         <size>0x4</size>
      </object_component>
      <object_component id="oc-2f1">
         <name>.common:TP</name>
         <uninitialized>true</uninitialized>
         <run_address>0x20003aa0</run_address>
         <size>0x4</size>
      </object_component>
      <object_component id="oc-2f2">
         <name>.common:TP1</name>
         <uninitialized>true</uninitialized>
         <run_address>0x20003aa4</run_address>
         <size>0x4</size>
      </object_component>
      <object_component id="oc-133">
         <name>.common:OVC_State</name>
         <uninitialized>true</uninitialized>
         <run_address>0x20003adf</run_address>
         <size>0x1</size>
      </object_component>
      <object_component id="oc-e3">
         <name>.common:ui32Status</name>
         <uninitialized>true</uninitialized>
         <run_address>0x20003ad0</run_address>
         <size>0x4</size>
      </object_component>
      <object_component id="oc-e6">
         <name>.common:j</name>
         <uninitialized>true</uninitialized>
         <run_address>0x20003ae5</run_address>
         <size>0x1</size>
      </object_component>
      <object_component id="oc-c0">
         <name>.common:prev_coincidence</name>
         <uninitialized>true</uninitialized>
         <run_address>0x20003ae7</run_address>
         <size>0x1</size>
      </object_component>
      <object_component id="oc-c3">
         <name>.common:flag1</name>
         <uninitialized>true</uninitialized>
         <run_address>0x20003ae3</run_address>
         <size>0x1</size>
      </object_component>
      <object_component id="oc-e7">
         <name>.data</name>
         <load_address>0x20004200</load_address>
         <run_address>0x20004200</run_address>
         <size>0x54</size>
         <input_file_ref idref="fl-2"/>
      </object_component>
      <object_component id="oc-3bb">
         <name>.data</name>
         <load_address>0x20004264</load_address>
         <run_address>0x20004264</run_address>
         <size>0x5</size>
         <input_file_ref idref="fl-4"/>
      </object_component>
      <object_component id="oc-1a0">
         <name>.data</name>
         <load_address>0x2000425c</load_address>
         <run_address>0x2000425c</run_address>
         <size>0x8</size>
         <input_file_ref idref="fl-12f"/>
      </object_component>
      <object_component id="oc-ac">
         <name>.data</name>
         <load_address>0x2000426c</load_address>
         <run_address>0x2000426c</run_address>
         <size>0x4</size>
         <input_file_ref idref="fl-135"/>
      </object_component>
      <object_component id="oc-19d">
         <name>.data</name>
         <load_address>0x20004254</load_address>
         <run_address>0x20004254</run_address>
         <size>0x8</size>
         <input_file_ref idref="fl-138"/>
      </object_component>
      <object_component id="oc-c1">
         <name>.debug_info</name>
         <load_address>0x0</load_address>
         <run_address>0x0</run_address>
         <size>0x17c1</size>
         <input_file_ref idref="fl-2"/>
      </object_component>
      <object_component id="oc-e8">
         <name>.debug_info</name>
         <load_address>0x17c1</load_address>
         <run_address>0x17c1</run_address>
         <size>0x4cb</size>
         <input_file_ref idref="fl-2"/>
      </object_component>
      <object_component id="oc-4bf">
         <name>.debug_info</name>
         <load_address>0x1c8c</load_address>
         <run_address>0x1c8c</run_address>
         <size>0xd3</size>
         <input_file_ref idref="fl-2"/>
      </object_component>
      <object_component id="oc-378">
         <name>.debug_info</name>
         <load_address>0x1d5f</load_address>
         <run_address>0x1d5f</run_address>
         <size>0xc3</size>
         <input_file_ref idref="fl-2"/>
      </object_component>
      <object_component id="oc-37b">
         <name>.debug_info</name>
         <load_address>0x1e22</load_address>
         <run_address>0x1e22</run_address>
         <size>0xc3</size>
         <input_file_ref idref="fl-2"/>
      </object_component>
      <object_component id="oc-167">
         <name>.debug_info</name>
         <load_address>0x1ee5</load_address>
         <run_address>0x1ee5</run_address>
         <size>0xcd</size>
         <input_file_ref idref="fl-2"/>
      </object_component>
      <object_component id="oc-23b">
         <name>.debug_info</name>
         <load_address>0x1fb2</load_address>
         <run_address>0x1fb2</run_address>
         <size>0xcd</size>
         <input_file_ref idref="fl-2"/>
      </object_component>
      <object_component id="oc-23e">
         <name>.debug_info</name>
         <load_address>0x207f</load_address>
         <run_address>0x207f</run_address>
         <size>0xc3</size>
         <input_file_ref idref="fl-2"/>
      </object_component>
      <object_component id="oc-238">
         <name>.debug_info</name>
         <load_address>0x2142</load_address>
         <run_address>0x2142</run_address>
         <size>0xb9</size>
         <input_file_ref idref="fl-2"/>
      </object_component>
      <object_component id="oc-233">
         <name>.debug_info</name>
         <load_address>0x21fb</load_address>
         <run_address>0x21fb</run_address>
         <size>0xbd</size>
         <input_file_ref idref="fl-2"/>
      </object_component>
      <object_component id="oc-279">
         <name>.debug_info</name>
         <load_address>0x22b8</load_address>
         <run_address>0x22b8</run_address>
         <size>0xbd</size>
         <input_file_ref idref="fl-2"/>
      </object_component>
      <object_component id="oc-319">
         <name>.debug_info</name>
         <load_address>0x2375</load_address>
         <run_address>0x2375</run_address>
         <size>0x19b</size>
         <input_file_ref idref="fl-2"/>
      </object_component>
      <object_component id="oc-223">
         <name>.debug_info</name>
         <load_address>0x2510</load_address>
         <run_address>0x2510</run_address>
         <size>0x195</size>
         <input_file_ref idref="fl-2"/>
      </object_component>
      <object_component id="oc-25f">
         <name>.debug_info</name>
         <load_address>0x26a5</load_address>
         <run_address>0x26a5</run_address>
         <size>0x1aa</size>
         <input_file_ref idref="fl-2"/>
      </object_component>
      <object_component id="oc-302">
         <name>.debug_info</name>
         <load_address>0x284f</load_address>
         <run_address>0x284f</run_address>
         <size>0x1fe</size>
         <input_file_ref idref="fl-2"/>
      </object_component>
      <object_component id="oc-2b1">
         <name>.debug_info</name>
         <load_address>0x2a4d</load_address>
         <run_address>0x2a4d</run_address>
         <size>0x1c4</size>
         <input_file_ref idref="fl-2"/>
      </object_component>
      <object_component id="oc-2d8">
         <name>.debug_info</name>
         <load_address>0x2c11</load_address>
         <run_address>0x2c11</run_address>
         <size>0x27e</size>
         <input_file_ref idref="fl-2"/>
      </object_component>
      <object_component id="oc-1ed">
         <name>.debug_info</name>
         <load_address>0x2e8f</load_address>
         <run_address>0x2e8f</run_address>
         <size>0x21c</size>
         <input_file_ref idref="fl-2"/>
      </object_component>
      <object_component id="oc-10c">
         <name>.debug_info</name>
         <load_address>0x30ab</load_address>
         <run_address>0x30ab</run_address>
         <size>0x13e</size>
         <input_file_ref idref="fl-2"/>
      </object_component>
      <object_component id="oc-128">
         <name>.debug_info</name>
         <load_address>0x31e9</load_address>
         <run_address>0x31e9</run_address>
         <size>0x1cc</size>
         <input_file_ref idref="fl-2"/>
      </object_component>
      <object_component id="oc-12e">
         <name>.debug_info</name>
         <load_address>0x33b5</load_address>
         <run_address>0x33b5</run_address>
         <size>0x2c4</size>
         <input_file_ref idref="fl-2"/>
      </object_component>
      <object_component id="oc-308">
         <name>.debug_info</name>
         <load_address>0x3679</load_address>
         <run_address>0x3679</run_address>
         <size>0x104</size>
         <input_file_ref idref="fl-2"/>
      </object_component>
      <object_component id="oc-30e">
         <name>.debug_info</name>
         <load_address>0x377d</load_address>
         <run_address>0x377d</run_address>
         <size>0x28d</size>
         <input_file_ref idref="fl-2"/>
      </object_component>
      <object_component id="oc-211">
         <name>.debug_info</name>
         <load_address>0x3a0a</load_address>
         <run_address>0x3a0a</run_address>
         <size>0x22b</size>
         <input_file_ref idref="fl-2"/>
      </object_component>
      <object_component id="oc-35a">
         <name>.debug_info</name>
         <load_address>0x3c35</load_address>
         <run_address>0x3c35</run_address>
         <size>0x4a1</size>
         <input_file_ref idref="fl-2"/>
      </object_component>
      <object_component id="oc-360">
         <name>.debug_info</name>
         <load_address>0x40d6</load_address>
         <run_address>0x40d6</run_address>
         <size>0x1b3</size>
         <input_file_ref idref="fl-2"/>
      </object_component>
      <object_component id="oc-366">
         <name>.debug_info</name>
         <load_address>0x4289</load_address>
         <run_address>0x4289</run_address>
         <size>0x23e</size>
         <input_file_ref idref="fl-2"/>
      </object_component>
      <object_component id="oc-372">
         <name>.debug_info</name>
         <load_address>0x44c7</load_address>
         <run_address>0x44c7</run_address>
         <size>0x2bd</size>
         <input_file_ref idref="fl-2"/>
      </object_component>
      <object_component id="oc-265">
         <name>.debug_info</name>
         <load_address>0x4784</load_address>
         <run_address>0x4784</run_address>
         <size>0x1bc</size>
         <input_file_ref idref="fl-2"/>
      </object_component>
      <object_component id="oc-37f">
         <name>.debug_info</name>
         <load_address>0x4940</load_address>
         <run_address>0x4940</run_address>
         <size>0x1c5</size>
         <input_file_ref idref="fl-2"/>
      </object_component>
      <object_component id="oc-38b">
         <name>.debug_info</name>
         <load_address>0x4b05</load_address>
         <run_address>0x4b05</run_address>
         <size>0x228</size>
         <input_file_ref idref="fl-2"/>
      </object_component>
      <object_component id="oc-391">
         <name>.debug_info</name>
         <load_address>0x4d2d</load_address>
         <run_address>0x4d2d</run_address>
         <size>0x16b</size>
         <input_file_ref idref="fl-2"/>
      </object_component>
      <object_component id="oc-397">
         <name>.debug_info</name>
         <load_address>0x4e98</load_address>
         <run_address>0x4e98</run_address>
         <size>0x2f0</size>
         <input_file_ref idref="fl-2"/>
      </object_component>
      <object_component id="oc-26b">
         <name>.debug_info</name>
         <load_address>0x5188</load_address>
         <run_address>0x5188</run_address>
         <size>0x229</size>
         <input_file_ref idref="fl-2"/>
      </object_component>
      <object_component id="oc-39e">
         <name>.debug_info</name>
         <load_address>0x53b1</load_address>
         <run_address>0x53b1</run_address>
         <size>0x2f3</size>
         <input_file_ref idref="fl-2"/>
      </object_component>
      <object_component id="oc-3a4">
         <name>.debug_info</name>
         <load_address>0x56a4</load_address>
         <run_address>0x56a4</run_address>
         <size>0x1e5</size>
         <input_file_ref idref="fl-2"/>
      </object_component>
      <object_component id="oc-271">
         <name>.debug_info</name>
         <load_address>0x5889</load_address>
         <run_address>0x5889</run_address>
         <size>0x2ab</size>
         <input_file_ref idref="fl-2"/>
      </object_component>
      <object_component id="oc-196">
         <name>.debug_info</name>
         <load_address>0x5b34</load_address>
         <run_address>0x5b34</run_address>
         <size>0x283</size>
         <input_file_ref idref="fl-2"/>
      </object_component>
      <object_component id="oc-67">
         <name>.debug_info</name>
         <load_address>0x5db7</load_address>
         <run_address>0x5db7</run_address>
         <size>0x13b</size>
         <input_file_ref idref="fl-2"/>
      </object_component>
      <object_component id="oc-ed">
         <name>.debug_info</name>
         <load_address>0x5ef2</load_address>
         <run_address>0x5ef2</run_address>
         <size>0x13c</size>
         <input_file_ref idref="fl-2"/>
      </object_component>
      <object_component id="oc-4f">
         <name>.debug_info</name>
         <load_address>0x602e</load_address>
         <run_address>0x602e</run_address>
         <size>0x148</size>
         <input_file_ref idref="fl-2"/>
      </object_component>
      <object_component id="oc-de">
         <name>.debug_info</name>
         <load_address>0x6176</load_address>
         <run_address>0x6176</run_address>
         <size>0x1e3</size>
         <input_file_ref idref="fl-2"/>
      </object_component>
      <object_component id="oc-49">
         <name>.debug_info</name>
         <load_address>0x6359</load_address>
         <run_address>0x6359</run_address>
         <size>0x157</size>
         <input_file_ref idref="fl-2"/>
      </object_component>
      <object_component id="oc-21d">
         <name>.debug_info</name>
         <load_address>0x64b0</load_address>
         <run_address>0x64b0</run_address>
         <size>0xf9</size>
         <input_file_ref idref="fl-2"/>
      </object_component>
      <object_component id="oc-55">
         <name>.debug_info</name>
         <load_address>0x65a9</load_address>
         <run_address>0x65a9</run_address>
         <size>0x22c</size>
         <input_file_ref idref="fl-2"/>
      </object_component>
      <object_component id="oc-217">
         <name>.debug_info</name>
         <load_address>0x67d5</load_address>
         <run_address>0x67d5</run_address>
         <size>0xea</size>
         <input_file_ref idref="fl-2"/>
      </object_component>
      <object_component id="oc-2f5">
         <name>.debug_info</name>
         <load_address>0x68bf</load_address>
         <run_address>0x68bf</run_address>
         <size>0x1cf</size>
         <input_file_ref idref="fl-2"/>
      </object_component>
      <object_component id="oc-149">
         <name>.debug_info</name>
         <load_address>0x6a8e</load_address>
         <run_address>0x6a8e</run_address>
         <size>0x17c</size>
         <input_file_ref idref="fl-2"/>
      </object_component>
      <object_component id="oc-2fb">
         <name>.debug_info</name>
         <load_address>0x6c0a</load_address>
         <run_address>0x6c0a</run_address>
         <size>0x10d</size>
         <input_file_ref idref="fl-2"/>
      </object_component>
      <object_component id="oc-20b">
         <name>.debug_info</name>
         <load_address>0x6d17</load_address>
         <run_address>0x6d17</run_address>
         <size>0x1cc</size>
         <input_file_ref idref="fl-2"/>
      </object_component>
      <object_component id="oc-205">
         <name>.debug_info</name>
         <load_address>0x6ee3</load_address>
         <run_address>0x6ee3</run_address>
         <size>0x620</size>
         <input_file_ref idref="fl-2"/>
      </object_component>
      <object_component id="oc-229">
         <name>.debug_info</name>
         <load_address>0x7503</load_address>
         <run_address>0x7503</run_address>
         <size>0x104</size>
         <input_file_ref idref="fl-2"/>
      </object_component>
      <object_component id="oc-14f">
         <name>.debug_info</name>
         <load_address>0x7607</load_address>
         <run_address>0x7607</run_address>
         <size>0x24f</size>
         <input_file_ref idref="fl-2"/>
      </object_component>
      <object_component id="oc-161">
         <name>.debug_info</name>
         <load_address>0x7856</load_address>
         <run_address>0x7856</run_address>
         <size>0xf8</size>
         <input_file_ref idref="fl-2"/>
      </object_component>
      <object_component id="oc-61">
         <name>.debug_info</name>
         <load_address>0x794e</load_address>
         <run_address>0x794e</run_address>
         <size>0x208</size>
         <input_file_ref idref="fl-2"/>
      </object_component>
      <object_component id="oc-5b">
         <name>.debug_info</name>
         <load_address>0x7b56</load_address>
         <run_address>0x7b56</run_address>
         <size>0x17a</size>
         <input_file_ref idref="fl-2"/>
      </object_component>
      <object_component id="oc-43">
         <name>.debug_info</name>
         <load_address>0x7cd0</load_address>
         <run_address>0x7cd0</run_address>
         <size>0x186</size>
         <input_file_ref idref="fl-2"/>
      </object_component>
      <object_component id="oc-3e9">
         <name>.debug_info</name>
         <load_address>0x7e56</load_address>
         <run_address>0x7e56</run_address>
         <size>0x51</size>
         <input_file_ref idref="fl-2"/>
      </object_component>
      <object_component id="oc-3c5">
         <name>.debug_info</name>
         <load_address>0x7ea7</load_address>
         <run_address>0x7ea7</run_address>
         <size>0x86</size>
         <input_file_ref idref="fl-2"/>
      </object_component>
      <object_component id="oc-1b6">
         <name>.debug_info</name>
         <load_address>0x7f2d</load_address>
         <run_address>0x7f2d</run_address>
         <size>0x8b</size>
         <input_file_ref idref="fl-2"/>
      </object_component>
      <object_component id="oc-174">
         <name>.debug_info</name>
         <load_address>0x7fb8</load_address>
         <run_address>0x7fb8</run_address>
         <size>0x18b</size>
         <input_file_ref idref="fl-2"/>
      </object_component>
      <object_component id="oc-1b0">
         <name>.debug_info</name>
         <load_address>0x8143</load_address>
         <run_address>0x8143</run_address>
         <size>0x4e</size>
         <input_file_ref idref="fl-2"/>
      </object_component>
      <object_component id="oc-6e">
         <name>.debug_info</name>
         <load_address>0x8191</load_address>
         <run_address>0x8191</run_address>
         <size>0x22f</size>
         <input_file_ref idref="fl-3"/>
      </object_component>
      <object_component id="oc-10">
         <name>.debug_info</name>
         <load_address>0x83c0</load_address>
         <run_address>0x83c0</run_address>
         <size>0xe2</size>
         <input_file_ref idref="fl-3"/>
      </object_component>
      <object_component id="oc-2e">
         <name>.debug_info</name>
         <load_address>0x84a2</load_address>
         <run_address>0x84a2</run_address>
         <size>0x12e</size>
         <input_file_ref idref="fl-3"/>
      </object_component>
[...]
      </symbol>
      <symbol id="sm-49a">
         <name>Current_DAC_Value</name>
         <value>0x20004212</value>
         <object_component_ref idref="oc-e7"/>
      </symbol>
      <symbol id="sm-4d4">
         <name>ResetISR</name>
         <value>0x39a9</value>
         <object_component_ref idref="oc-2a"/>
      </symbol>
      <symbol id="sm-4d5">
         <name>g_pfnVectors</name>
         <value>0x0</value>
         <object_component_ref idref="oc-f"/>
      </symbol>
      <symbol id="sm-543">
         <name>UARTStdioConfig</name>
         <value>0x2c75</value>
         <object_component_ref idref="oc-433"/>
      </symbol>
      <symbol id="sm-544">
         <name>UARTwrite</name>
         <value>0x3139</value>
         <object_component_ref idref="oc-292"/>
      </symbol>
      <symbol id="sm-545">
         <name>UARTprintf</name>
         <value>0x36b3</value>
         <object_component_ref idref="oc-b2"/>
      </symbol>
      <symbol id="sm-546">
         <name>UARTvprintf</name>
         <value>0xc89</value>
         <object_component_ref idref="oc-1a8"/>
      </symbol>
      <symbol id="sm-558">
         <name>_c_int00</name>
         <value>0x2f29</value>
         <object_component_ref idref="oc-24"/>
      </symbol>
      <symbol id="sm-559">
         <name>__stack</name>
         <value>0x20004000</value>
         <object_component_ref idref="oc-29"/>
      </symbol>
      <symbol id="sm-570">
         <name>__TI_decompress_none</name>
         <value>0x38b5</value>
         <object_component_ref idref="oc-12"/>
      </symbol>
      <symbol id="sm-598">
         <name>__TI_decompress_rle24</name>
         <value>0x39c1</value>
         <object_component_ref idref="oc-18"/>
      </symbol>
      <symbol id="sm-5aa">
         <name>__TI_zero_init</name>
         <value>0x38f5</value>
         <object_component_ref idref="oc-1e"/>
      </symbol>
      <symbol id="sm-5c9">
         <name>C$$EXIT</name>
         <value>0x3255</value>
         <object_component_ref idref="oc-a6"/>
      </symbol>
      <symbol id="sm-5ca">
         <name>abort</name>
         <value>0x3259</value>
         <object_component_ref idref="oc-a6"/>
      </symbol>
      <symbol id="sm-5cb">
         <name>exit</name>
         <value>0x3261</value>
         <object_component_ref idref="oc-a6"/>
      </symbol>
      <symbol id="sm-5cc">
         <name>__TI_dtors_ptr</name>
         <value>0x20004260</value>
         <object_component_ref idref="oc-1a0"/>
      </symbol>
      <symbol id="sm-5cd">
         <name>__TI_cleanup_ptr</name>
         <value>0x2000425c</value>
         <object_component_ref idref="oc-1a0"/>
      </symbol>
      <symbol id="sm-5e4">
         <name>__aeabi_dmul</name>
         <value>0x1bd5</value>
         <object_component_ref idref="oc-2cd"/>
      </symbol>
      <symbol id="sm-5f1">
         <name>__aeabi_d2uiz</name>
         <value>0x3299</value>
         <object_component_ref idref="oc-2d2"/>
      </symbol>
      <symbol id="sm-60c">
         <name>memcpy</name>
         <value>0x2341</value>
         <object_component_ref idref="oc-6f"/>
      </symbol>
      <symbol id="sm-60d">
         <name>__aeabi_memcpy</name>
         <value>0x2341</value>
         <object_component_ref idref="oc-6f"/>
      </symbol>
      <symbol id="sm-60e">
         <name>__aeabi_memcpy8</name>
         <value>0x2341</value>
         <object_component_ref idref="oc-6f"/>
      </symbol>
      <symbol id="sm-60f">
         <name>__aeabi_memcpy4</name>
         <value>0x2341</value>
         <object_component_ref idref="oc-6f"/>
      </symbol>
      <symbol id="sm-61e">
         <name>__aeabi_memset</name>
         <value>0x28a5</value>
         <object_component_ref idref="oc-88"/>
      </symbol>
      <symbol id="sm-61f">
         <name>memset</name>
         <value>0x28ab</value>
         <object_component_ref idref="oc-88"/>
      </symbol>
      <symbol id="sm-620">
         <name>__aeabi_memset8</name>
         <value>0x28a5</value>
         <object_component_ref idref="oc-88"/>
      </symbol>
      <symbol id="sm-621">
         <name>__aeabi_memset4</name>
         <value>0x28a5</value>
         <object_component_ref idref="oc-88"/>
      </symbol>
      <symbol id="sm-622">
         <name>__aeabi_memclr8</name>
         <value>0x28a3</value>
         <object_component_ref idref="oc-88"/>
      </symbol>
      <symbol id="sm-623">
         <name>__aeabi_memclr4</name>
         <value>0x28a3</value>
         <object_component_ref idref="oc-88"/>
      </symbol>
      <symbol id="sm-624">
         <name>__aeabi_memclr</name>
         <value>0x28a3</value>
         <object_component_ref idref="oc-88"/>
      </symbol>
      <symbol id="sm-62e">
         <name>_system_pre_init</name>
         <value>0x39d3</value>
         <object_component_ref idref="oc-94"/>
      </symbol>
      <symbol id="sm-636">
         <name>main_func_sp</name>
         <value>0x2000426c</value>
         <object_component_ref idref="oc-ac"/>
      </symbol>
      <symbol id="sm-649">
         <name>__aeabi_uidivmod</name>
         <value>0x32dd</value>
         <object_component_ref idref="oc-298"/>
      </symbol>
      <symbol id="sm-64a">
         <name>__aeabi_uidiv</name>
         <value>0x32dd</value>
         <object_component_ref idref="oc-298"/>
      </symbol>
      <symbol id="sm-656">
         <name>__aeabi_ui2d</name>
         <value>0x3675</value>
         <object_component_ref idref="oc-2c8"/>
      </symbol>
      <symbol id="sm-66f">
         <name>_nop</name>
         <value>0x3797</value>
         <object_component_ref idref="oc-284"/>
      </symbol>
      <symbol id="sm-670">
         <name>_lock</name>
         <value>0x20004254</value>
         <object_component_ref idref="oc-19d"/>
      </symbol>
      <symbol id="sm-671">
         <name>_unlock</name>
         <value>0x20004258</value>
         <object_component_ref idref="oc-19d"/>
      </symbol>
      <symbol id="sm-672">
         <name>_register_lock</name>
         <value>0x378f</value>
         <object_component_ref idref="oc-284"/>
      </symbol>
      <symbol id="sm-673">
         <name>_register_unlock</name>
         <value>0x3789</value>
         <object_component_ref idref="oc-284"/>
      </symbol>
      <symbol id="sm-688">
         <name>_args_main</name>
         <value>0x36fd</value>
         <object_component_ref idref="oc-a0"/>
      </symbol>
      <symbol id="sm-6ae">
         <name>__TI_auto_init</name>
         <value>0x2a09</value>
         <object_component_ref idref="oc-9a"/>
      </symbol>
      <symbol id="sm-6c8">
         <name>copy_in</name>
         <value>0x3011</value>
         <object_component_ref idref="oc-18d"/>
      </symbol>
      <symbol id="sm-717">
         <name>ADCProcessorTrigger</name>
         <value>0x36cd</value>
         <object_component_ref idref="oc-2b6"/>
      </symbol>
      <symbol id="sm-718">
         <name>ADCSequenceEnable</name>
         <value>0x387d</value>
         <object_component_ref idref="oc-3d7"/>
      </symbol>
      <symbol id="sm-719">
         <name>ADCSequenceConfigure</name>
         <value>0x331f</value>
         <object_component_ref idref="oc-3d1"/>
      </symbol>
      <symbol id="sm-71a">
         <name>ADCSequenceStepConfigure</name>
         <value>0x2829</value>
         <object_component_ref idref="oc-2e5"/>
      </symbol>
      <symbol id="sm-71b">
         <name>ADCIntClear</name>
         <value>0x390d</value>
         <object_component_ref idref="oc-2bc"/>
      </symbol>
      <symbol id="sm-71c">
         <name>ADCHardwareOversampleConfigure</name>
         <value>0x379d</value>
         <object_component_ref idref="oc-2eb"/>
      </symbol>
      <symbol id="sm-71d">
         <name>ADCIntStatus</name>
         <value>0x3511</value>
         <object_component_ref idref="oc-ba"/>
      </symbol>
      <symbol id="sm-71e">
         <name>ADCSequenceDataGet</name>
         <value>0x3695</value>
         <object_component_ref idref="oc-2c2"/>
      </symbol>
      <symbol id="sm-735">
         <name>FlashProgram</name>
         <value>0x2bb1</value>
         <object_component_ref idref="oc-1fe"/>
      </symbol>
      <symbol id="sm-7bf">
         <name>GPIOPinConfigure</name>
         <value>0x30a9</value>
         <object_component_ref idref="oc-421"/>
      </symbol>
      <symbol id="sm-7c0">
         <name>GPIOPinTypeI2CSCL</name>
         <value>0x37d3</value>
         <object_component_ref idref="oc-446"/>
      </symbol>
      <symbol id="sm-7c1">
         <name>GPIOIntDisable</name>
         <value>0x388b</value>
         <object_component_ref idref="oc-3a9"/>
      </symbol>
      <symbol id="sm-7c2">
         <name>GPIOIntEnable</name>
         <value>0x38cf</value>
         <object_component_ref idref="oc-41a"/>
      </symbol>
      <symbol id="sm-7c3">
         <name>GPIOPinTypeI2C</name>
         <value>0x37c1</value>
         <object_component_ref idref="oc-44c"/>
      </symbol>
      <symbol id="sm-7c4">
         <name>GPIOIntTypeSet</name>
         <value>0x2ddd</value>
         <object_component_ref idref="oc-414"/>
      </symbol>
      <symbol id="sm-7c5">
         <name>GPIOPinTypeGPIOInput</name>
         <value>0x37af</value>
         <object_component_ref idref="oc-40e"/>
      </symbol>
      <symbol id="sm-7c6">
         <name>GPIOPinTypeUART</name>
         <value>0x3809</value>
         <object_component_ref idref="oc-427"/>
      </symbol>
      <symbol id="sm-7c7">
         <name>GPIOPinTypeGPIOOutput</name>
         <value>0x36e5</value>
         <object_component_ref idref="oc-384"/>
      </symbol>
      <symbol id="sm-7c8">
         <name>GPIOPinRead</name>
         <value>0x3985</value>
         <object_component_ref idref="oc-121"/>
      </symbol>
      <symbol id="sm-7c9">
         <name>GPIODirModeSet</name>
         <value>0x356d</value>
         <object_component_ref idref="oc-485"/>
      </symbol>
      <symbol id="sm-7ca">
         <name>GPIOPinWrite</name>
         <value>0x398b</value>
         <object_component_ref idref="oc-105"/>
      </symbol>
      <symbol id="sm-7cb">
         <name>GPIOPadConfigSet</name>
         <value>0x1691</value>
         <object_component_ref idref="oc-440"/>
      </symbol>
      <symbol id="sm-7cc">
         <name>GPIOPinTypeSSI</name>
         <value>0x37e5</value>
         <object_component_ref idref="oc-46d"/>
      </symbol>
      <symbol id="sm-7cd">
         <name>GPIOPinTypeTimer</name>
         <value>0x37f7</value>
         <object_component_ref idref="oc-4ce"/>
      </symbol>
      <symbol id="sm-812">
         <name>I2CSlaveIntClear</name>
         <value>0x395d</value>
         <object_component_ref idref="oc-136"/>
      </symbol>
      <symbol id="sm-813">
         <name>I2CSlaveIntEnableEx</name>
         <value>0x38db</value>
         <object_component_ref idref="oc-452"/>
      </symbol>
      <symbol id="sm-814">
         <name>I2CSlaveIntClearEx</name>
         <value>0x399d</value>
         <object_component_ref idref="oc-154"/>
      </symbol>
      <symbol id="sm-815">
         <name>I2CSlaveDataGet</name>
         <value>0x3991</value>
         <object_component_ref idref="oc-142"/>
      </symbol>
      <symbol id="sm-816">
         <name>I2CSlaveEnable</name>
         <value>0x382d</value>
         <object_component_ref idref="oc-45e"/>
      </symbol>
      <symbol id="sm-817">
         <name>I2CSlaveDataPut</name>
         <value>0x3997</value>
         <object_component_ref idref="oc-3f0"/>
      </symbol>
      <symbol id="sm-818">
         <name>I2CSlaveStatus</name>
         <value>0x39a3</value>
         <object_component_ref idref="oc-13c"/>
      </symbol>
      <symbol id="sm-819">
         <name>I2CSlaveInit</name>
         <value>0x3899</value>
         <object_component_ref idref="oc-464"/>
      </symbol>
      <symbol id="sm-86c">
         <name>IntPendClear</name>
         <value>0x30f1</value>
         <object_component_ref idref="oc-15a"/>
      </symbol>
      <symbol id="sm-86d">
         <name>IntEnable</name>
         <value>0x2b49</value>
         <object_component_ref idref="oc-1c2"/>
      </symbol>
      <symbol id="sm-86e">
         <name>IntDisable</name>
         <value>0x2ae1</value>
         <object_component_ref idref="oc-3af"/>
      </symbol>
      <symbol id="sm-86f">
         <name>IntMasterEnable</name>
         <value>0x383d</value>
         <object_component_ref idref="oc-458"/>
      </symbol>
      <symbol id="sm-8ae">
         <name>SSIDataPut</name>
         <value>0x3917</value>
         <object_component_ref idref="oc-111"/>
      </symbol>
      <symbol id="sm-8af">
         <name>SSIDMAEnable</name>
         <value>0x396d</value>
         <object_component_ref idref="oc-4b2"/>
      </symbol>
      <symbol id="sm-8b0">
         <name>SSIIntClear</name>
         <value>0x39c7</value>
         <object_component_ref idref="oc-d6"/>
      </symbol>
      <symbol id="sm-8b1">
         <name>SSIIntStatus</name>
         <value>0x392b</value>
         <object_component_ref idref="oc-d0"/>
      </symbol>
      <symbol id="sm-8b2">
         <name>SSIConfigSetExpClk</name>
         <value>0x3399</value>
         <object_component_ref idref="oc-473"/>
      </symbol>
      <symbol id="sm-8b3">
         <name>SSIEnable</name>
         <value>0x3921</value>
         <object_component_ref idref="oc-479"/>
      </symbol>
      <symbol id="sm-8b4">
         <name>SSIBusy</name>
         <value>0x3965</value>
         <object_component_ref idref="oc-117"/>
      </symbol>
      <symbol id="sm-911">
         <name>SysCtlClockSet</name>
         <value>0x1cd1</value>
         <object_component_ref idref="oc-258"/>
      </symbol>
      <symbol id="sm-912">
         <name>SysCtlDelay</name>
         <value>0x39af</value>
         <object_component_ref idref="oc-dc"/>
      </symbol>
      <symbol id="sm-913">
         <name>SysCtlPeripheralEnable</name>
         <value>0x347d</value>
         <object_component_ref idref="oc-334"/>
      </symbol>
      <symbol id="sm-914">
         <name>SysCtlClockGet</name>
         <value>0x17c1</value>
         <object_component_ref idref="oc-f2"/>
      </symbol>
      <symbol id="sm-915">
         <name>SysCtlPeripheralReset</name>
         <value>0x2ed9</value>
         <object_component_ref idref="oc-43a"/>
      </symbol>
      <symbol id="sm-924">
         <name>SysTickPeriodSet</name>
         <value>0x385d</value>
         <object_component_ref idref="oc-36b"/>
      </symbol>
      <symbol id="sm-97a">
         <name>TimerLoadSet</name>
         <value>0x381b</value>
         <object_component_ref idref="oc-4db"/>
      </symbol>
      <symbol id="sm-97b">
         <name>TimerDisable</name>
         <value>0x3775</value>
         <object_component_ref idref="oc-3fe"/>
      </symbol>
      <symbol id="sm-97c">
         <name>TimerEnable</name>
         <value>0x38a7</value>
         <object_component_ref idref="oc-4d4"/>
      </symbol>
      <symbol id="sm-97d">
         <name>TimerIntDisable</name>
         <value>0x3935</value>
         <object_component_ref idref="oc-3f8"/>
      </symbol>
      <symbol id="sm-97e">
         <name>TimerValueGet</name>
         <value>0x393f</value>
         <object_component_ref idref="oc-ff"/>
      </symbol>
      <symbol id="sm-97f">
         <name>TimerIntEnable</name>
         <value>0x3975</value>
         <object_component_ref idref="oc-4e1"/>
      </symbol>
      <symbol id="sm-980">
         <name>TimerConfigure</name>
         <value>0x2c15</value>
         <object_component_ref idref="oc-4c2"/>
      </symbol>
      <symbol id="sm-981">
         <name>TimerControlEvent</name>
         <value>0x375d</value>
         <object_component_ref idref="oc-4c8"/>
      </symbol>
      <symbol id="sm-982">
         <name>TimerIntClear</name>
         <value>0x39cb</value>
         <object_component_ref idref="oc-f9"/>
      </symbol>
      <symbol id="sm-98f">
         <name>UARTClockSourceSet</name>
         <value>0x39b5</value>
         <object_component_ref idref="oc-42d"/>
      </symbol>
      <symbol id="sm-a06">
         <name>uDMAChannelControlSet</name>
         <value>0x3611</value>
         <object_component_ref idref="oc-4ac"/>
      </symbol>
      <symbol id="sm-a07">
         <name>uDMAChannelIsEnabled</name>
         <value>0x3745</value>
         <object_component_ref idref="oc-1c8"/>
      </symbol>
      <symbol id="sm-a08">
         <name>uDMAChannelDisable</name>
         <value>0x3715</value>
         <object_component_ref idref="oc-4b8"/>
      </symbol>
      <symbol id="sm-a09">
         <name>uDMAChannelAttributeEnable</name>
         <value>0x31c9</value>
         <object_component_ref idref="oc-4a6"/>
      </symbol>
      <symbol id="sm-a0a">
         <name>uDMAChannelTransferSet</name>
         <value>0x2629</value>
         <object_component_ref idref="oc-1ce"/>
      </symbol>
      <symbol id="sm-a0b">
         <name>uDMAChannelAssign</name>
         <value>0x3541</value>
         <object_component_ref idref="oc-49a"/>
      </symbol>
      <symbol id="sm-a0c">
         <name>uDMAEnable</name>
         <value>0x386d</value>
         <object_component_ref idref="oc-48e"/>
      </symbol>
      <symbol id="sm-a0d">
         <name>uDMAControlBaseSet</name>
         <value>0x3901</value>
         <object_component_ref idref="oc-494"/>
      </symbol>
      <symbol id="sm-a0e">
         <name>uDMAChannelAttributeDisable</name>
         <value>0x3181</value>
         <object_component_ref idref="oc-4a0"/>
      </symbol>
      <symbol id="sm-a0f">
         <name>uDMAChannelEnable</name>
         <value>0x372d</value>
         <object_component_ref idref="oc-1d4"/>
      </symbol>
      <symbol id="sm-a46">
         <name>WatchdogIntClear</name>
         <value>0x39bb</value>
         <object_component_ref idref="oc-1f2"/>
      </symbol>
      <symbol id="sm-a47">
         <name>WatchdogUnlock</name>
         <value>0x38e9</value>
         <object_component_ref idref="oc-33a"/>
      </symbol>
      <symbol id="sm-a48">
         <name>WatchdogReloadSet</name>
         <value>0x39cf</value>
         <object_component_ref idref="oc-340"/>
      </symbol>
      <symbol id="sm-a49">
         <name>WatchdogResetEnable</name>
         <value>0x3953</value>
         <object_component_ref idref="oc-346"/>
      </symbol>
      <symbol id="sm-a4a">
         <name>WatchdogEnable</name>
         <value>0x3949</value>
         <object_component_ref idref="oc-34c"/>
      </symbol>
      <symbol id="sm-a4b">
         <name>WatchdogLock</name>
         <value>0x397d</value>
         <object_component_ref idref="oc-352"/>
      </symbol>
      <symbol id="sm-a55">
         <name>CPUcpsie</name>
         <value>0x38c3</value>
         <object_component_ref idref="oc-506"/>
      </symbol>
      <symbol id="sm-a56">
         <name>__TI_static_base__</name>
         <value>0x0</value>
      </symbol>
      <symbol id="sm-a59">
         <name>SHT$$INIT_ARRAY$$Limit</name>
         <value>0x0</value>
      </symbol>
      <symbol id="sm-a5a">
         <name>SHT$$INIT_ARRAY$$Base</name>
         <value>0x0</value>
      </symbol>
   </symbol_table>
   <title>Link successful</title>
</link_info>
